// Jest Snapshot v1, https://goo.gl/fbAQLP

exports[`renders a film list 1`] = `
<div
  id="filmlist"
>
  <div
    id="films"
  />
</div>
`;

exports[`renders a share button 1`] = `
<div
  className="around-button"
>
  <button
    className="main-button"
    onClick={[Function]}
  >
    Share
  </button>
</div>
`;
